// Jest Snapshot v1, https://goo.gl/fbAQLP

exports[`CardFront.vue renders correctly 1`] = `
<div
  class="card-front"
>
  <span
    class="number"
  >
    001
  </span>
   
  <div
    class="image-wrapper"
  >
    <img
      alt="Bulbasaur"
      class="image"
      loading="lazy"
      src="https://assets.pokemon.com/assets/cms2/img/pokedex/detail/001.png"
    />
  </div>
   
  <div
    class="info-wrapper"
  >
    <h1
      class="name"
    >
      Bulbasaur
    </h1>
     
    <ul
      class="types"
    >
      <li
        class="type-tag"
        style="background-color: rgb(119, 204, 85);"
      >
        Grass
      </li>
      <li
        class="type-tag"
        style="background-color: rgb(170, 85, 153);"
      >
        Poison
      </li>
    </ul>
  </div>
</div>
`;
